2026-09-10 15:35:26,128 INFO app.database.repository Import WinOLS project=C:\tuningmaching_programa\data\winols_projects\GASDROP_100119.ols sha256=dcfc2d8d03b035e7d559fa6fb4c80b492c79e937cf1df0729f0912605782e3e8 id=1
2026-09-10 15:36:52,721 INFO app.database.repository Import file=C:\Users\Bugra\Downloads\Compressed\files\WinOLS (Audi A4 (Audi A4 (Stage 1 +vmax ) - SC1008F600000)) - SC1008F600000).bin sha256=0f83a427624f7e2c2db2ba477db17120ef156b79462dc967a5004b313d5a72ae id=1
2026-09-10 15:36:53,528 INFO app.database.repository Import file=C:\Users\Bugra\Downloads\Compressed\files\WinOLS (Audi A4 (Origineel) - SC1008F600000).bin sha256=50fb4144aa9a85121016f5159c435387e9c8c9d11409f59be958cf4f9bc36ad6 id=2
2026-09-10 15:36:54,357 INFO app.database.repository Import file=C:\Users\Bugra\Downloads\Compressed\files\WinOLS (Audi RS3 (Audi RS3 (Stage 1 + Vmax + OPF )084544 csnone) - 084544).bin sha256=cbfdd6acb4ac8952199f8732e663b7721a5bf0bc1f819eb5c8b1f4db60e584c8 id=3
2026-09-10 15:36:55,205 INFO app.database.repository Import file=C:\Users\Bugra\Downloads\Compressed\files\WinOLS (Audi RS3 (OPF) - 084544).bin sha256=8fba1d07e587bf8823911717cf867ea34309539c684a2bc19514611e5ad56073 id=4
2026-09-10 15:36:56,041 INFO app.database.repository Import file=C:\Users\Bugra\Downloads\Compressed\files\WinOLS (Audi RS3 (stage 1) - 084544).bin sha256=fca57e40587ba31febaa0665fe8ce3d31189e10dcca8327976ae3bd18ec86601 id=5
2026-09-10 15:36:56,686 INFO app.database.repository Import file=C:\Users\Bugra\Downloads\Compressed\files\WinOLS (BMW X1 SUV (BMW X2 (stage1+vmax) - )csnone) - R2C9D392BPBOXF).bin sha256=ee504f2fec818c129281592d514451a10a901f64f1487e50a9742e8f6594416a id=6
2026-09-10 15:36:57,103 INFO app.database.repository Import file=C:\Users\Bugra\Downloads\Compressed\files\WinOLS (BMW X1 SUV (Origineel) - R2C9D392BPBOXF).bin sha256=22f9a2810878de031c6861419305b21291d99e0a92dd18792792f2396cd96f80 id=7
2026-09-10 15:37:03,246 INFO app.database.repository Reclassified files=[2] kind=original
2026-09-10 15:37:08,341 INFO app.database.repository Reclassified files=[4] kind=tuned
2026-09-10 15:37:12,114 INFO app.database.repository Reclassified files=[7] kind=original
2026-09-10 15:38:06,966 ERROR root UI operation failed
Traceback (most recent call last):
  File "C:\tuningmaching_programa\app\ui\main_window.py", line 104, in safe
    callback()
    ~~~~~~~~^^
  File "C:\tuningmaching_programa\app\ui\main_window.py", line 305, in show_hex
    raise ValueError('Open eerst een paar vanuit Original/Tuned Pairs.')
ValueError: Open eerst een paar vanuit Original/Tuned Pairs.
2026-09-10 15:38:19,488 ERROR root UI operation failed
Traceback (most recent call last):
  File "C:\tuningmaching_programa\app\ui\main_window.py", line 104, in safe
    callback()
    ~~~~~~~~^^
  File "C:\tuningmaching_programa\app\ui\main_window.py", line 231, in confirm_pair
    pair_id = self.selected_id(self.pair_table)
  File "C:\tuningmaching_programa\app\ui\main_window.py", line 147, in selected_id
    raise ValueError('Selecteer eerst een rij.')
ValueError: Selecteer eerst een rij.
2026-09-10 15:38:27,820 INFO app.database.repository Pair 1 confirmed=True
2026-09-10 15:38:31,736 ERROR root UI operation failed
Traceback (most recent call last):
  File "C:\tuningmaching_programa\app\ui\main_window.py", line 104, in safe
    callback()
    ~~~~~~~~^^
  File "C:\tuningmaching_programa\app\ui\main_window.py", line 231, in confirm_pair
    pair_id = self.selected_id(self.pair_table)
  File "C:\tuningmaching_programa\app\ui\main_window.py", line 147, in selected_id
    raise ValueError('Selecteer eerst een rij.')
ValueError: Selecteer eerst een rij.
2026-09-10 15:40:39,768 INFO app.database.repository Pair 2 confirmed=True
2026-09-10 15:41:24,286 ERROR root UI operation failed
Traceback (most recent call last):
  File "C:\tuningmaching_programa\app\ui\main_window.py", line 104, in safe
    callback()
    ~~~~~~~~^^
  File "C:\tuningmaching_programa\app\ui\main_window.py", line 357, in discover_software_signatures
    software_family_id = self.selected_id(self.software_family_table)
  File "C:\tuningmaching_programa\app\ui\main_window.py", line 147, in selected_id
    raise ValueError('Selecteer eerst een rij.')
ValueError: Selecteer eerst een rij.
2026-09-10 15:53:14,692 ERROR root UI operation failed
Traceback (most recent call last):
  File "C:\tuningmaching_programa\app\ui\main_window.py", line 104, in safe
    callback()
    ~~~~~~~~^^
  File "C:\tuningmaching_programa\app\ui\main_window.py", line 357, in discover_software_signatures
    software_family_id = self.selected_id(self.software_family_table)
  File "C:\tuningmaching_programa\app\ui\main_window.py", line 147, in selected_id
    raise ValueError('Selecteer eerst een rij.')
ValueError: Selecteer eerst een rij.
2026-09-10 15:53:27,391 ERROR root UI operation failed
Traceback (most recent call last):
  File "C:\tuningmaching_programa\app\ui\main_window.py", line 104, in safe
    callback()
    ~~~~~~~~^^
  File "C:\tuningmaching_programa\app\ui\main_window.py", line 305, in show_hex
    raise ValueError('Open eerst een paar vanuit Original/Tuned Pairs.')
ValueError: Open eerst een paar vanuit Original/Tuned Pairs.
2026-09-10 15:53:39,799 ERROR root Operation failed
Traceback (most recent call last):
  File "C:\tuningmaching_programa\app\ui\main_window.py", line 28, in run
    self.result.emit(self.operation(self.progress.emit))
                     ~~~~~~~~~~~~~~^^^^^^^^^^^^^^^^^^^^
  File "C:\tuningmaching_programa\app\ui\main_window.py", line 238, in <lambda>
    self.run_job(lambda p: self.service.strategies(ids))
                           ~~~~~~~~~~~~~~~~~~~~~~~^^^^^
  File "C:\tuningmaching_programa\app\service.py", line 99, in strategies
    raise ValueError("Selecteer minimaal twee verschillende paren")
ValueError: Selecteer minimaal twee verschillende paren
2026-09-10 15:53:48,745 ERROR root UI operation failed
Traceback (most recent call last):
  File "C:\tuningmaching_programa\app\ui\main_window.py", line 104, in safe
    callback()
    ~~~~~~~~^^
  File "C:\tuningmaching_programa\app\ui\main_window.py", line 357, in discover_software_signatures
    software_family_id = self.selected_id(self.software_family_table)
  File "C:\tuningmaching_programa\app\ui\main_window.py", line 147, in selected_id
    raise ValueError('Selecteer eerst een rij.')
ValueError: Selecteer eerst een rij.
